// Jest Snapshot v1, https://goo.gl/fbAQLP

exports[`snapshot of First 1`] = `
<div
  style={
    Object {
      "display": "grid",
      "height": "100vh",
      "placeItems": "center",
      "width": "100vw",
    }
  }
>
  <form
    onSubmit={[Function]}
    style={
      Object {
        "background": "#e5e5e5",
        "display": "grid",
        "height": "300px",
        "padding": "10px",
        "placeItems": "center",
        "width": "300px",
      }
    }
  >
    <div
      className="MuiFormControl-root MuiTextField-root css-1u3bzj6-MuiFormControl-root-MuiTextField-root"
    >
      <label
        className="MuiInputLabel-root MuiInputLabel-formControl MuiInputLabel-animated MuiInputLabel-filled MuiFormLabel-root MuiFormLabel-colorPrimary css-e4w4as-MuiFormLabel-root-MuiInputLabel-root"
        data-shrink={false}
        htmlFor="filled-basic"
        id="filled-basic-label"
      >
        Enter Country Name
      </label>
      <div
        className="MuiFilledInput-root MuiFilledInput-underline MuiInputBase-root MuiInputBase-colorPrimary MuiInputBase-formControl css-cio0x1-MuiInputBase-root-MuiFilledInput-root"
        onClick={[Function]}
      >
        <input
          aria-invalid={false}
          autoFocus={false}
          className="MuiFilledInput-input MuiInputBase-input css-10botns-MuiInputBase-input-MuiFilledInput-input"
          disabled={false}
          id="filled-basic"
          onAnimationStart={[Function]}
          onBlur={[Function]}
          onChange={[Function]}
          onFocus={[Function]}
          required={false}
          type="text"
        />
      </div>
    </div>
    <button
      className="MuiButton-root MuiButton-contained MuiButton-containedPrimary MuiButton-sizeMedium MuiButton-containedSizeMedium MuiButtonBase-root Mui-disabled  css-sghohy-MuiButtonBase-root-MuiButton-root"
      disabled={true}
      onBlur={[Function]}
      onContextMenu={[Function]}
      onDragLeave={[Function]}
      onFocus={[Function]}
      onKeyDown={[Function]}
      onKeyUp={[Function]}
      onMouseDown={[Function]}
      onMouseLeave={[Function]}
      onMouseUp={[Function]}
      onTouchEnd={[Function]}
      onTouchMove={[Function]}
      onTouchStart={[Function]}
      style={
        Object {
          "margin": "10px",
          "marginBottom": "100px",
        }
      }
      tabIndex={-1}
      type="submit"
    >
      Submit
    </button>
  </form>
</div>
`;
